// Jest Snapshot v1, https://goo.gl/fbAQLP

exports[`firestore-send-sms functions configuration detected from environment variables 1`] = `
Object {
  "accessKey": "aaa",
  "defaultOriginator": "Marcel",
  "location": "europe-west1",
  "logLevel": "info",
  "smsCollection": "sms",
}
`;
