// Jest Snapshot v1, https://goo.gl/fbAQLP

exports[`firestore-send-msg functions configuration detected from environment variables 1`] = `
Object {
  "accessKey": "aaa",
  "location": "europe-west1",
  "logLevel": "info",
  "msgCollection": "msg",
}
`;
